// Jest Snapshot v1, https://goo.gl/fbAQLP

exports[`Animal Crossing Character Detail Container renders a single villager 1`] = `
<h2
  aria-label="heading"
>
  Agnes
</h2>
`;
